dedup rows 601
  fold 0: q_n 0.361 q_a 0.5641 q_x 0.5527 q_aware8 0.5322 q_md 0.6719 (n_md_cal_scores 55) 7s
  fold 1: q_n 0.306 q_a 0.4967 q_x 0.4025 q_aware8 0.468 q_md 0.7961 (n_md_cal_scores 96) 13s
  fold 2: q_n 0.3372 q_a 0.5167 q_x 0.4824 q_aware8 0.4805 q_md 0.6304 (n_md_cal_scores 42) 20s
  fold 3: q_n 0.3404 q_a 0.5062 q_x 0.467 q_aware8 0.4944 q_md 0.8644 (n_md_cal_scores 98) 27s
  fold 4: q_n 0.3292 q_a 0.5318 q_x 0.4963 q_aware8 0.5111 q_md 0.6617 (n_md_cal_scores 75) 34s
  fold 5: q_n 0.332 q_a 0.5242 q_x 0.4957 q_aware8 0.494 q_md 0.7111 (n_md_cal_scores 103) 40s
  fold 6: q_n 0.3369 q_a 0.5221 q_x 0.5083 q_aware8 0.5058 q_md 0.76 (n_md_cal_scores 85) 47s
  fold 7: q_n 0.3178 q_a 0.4983 q_x 0.4854 q_aware8 0.4915 q_md 0.732 (n_md_cal_scores 72) 54s
  fold 8: q_n 0.3187 q_a 0.5247 q_x 0.4859 q_aware8 0.5134 q_md 0.6981 (n_md_cal_scores 57) 60s
  fold 9: q_n 0.3295 q_a 0.527 q_x 0.484 q_aware8 0.5179 q_md 0.8287 (n_md_cal_scores 82) 68s
{
 "ES1": {
  "seed": 3,
  "naive": {
   "coverage": 0.7255,
   "mean_width": 0.6657,
   "n_evals": 601
  },
  "aware": {
   "coverage": 0.8968,
   "mean_width": 1.048,
   "n_evals": 601
  },
  "anchor": {
   "coverage": 0.89,
   "mean_width": 0.98671,
   "n_evals": 4310
  },
  "aware_on_anchor_rows": {
   "coverage": 0.9088,
   "mean_width": 1.05286,
   "n_evals": 4310
  },
  "aware8_on_anchor_rows": {
   "coverage": 0.891,
   "mean_width": 1.00883,
   "n_evals": 4310
  },
  "anchor_md": {
   "coverage": 0.8017,
   "mean_width": 1.32554,
   "n_evals": 116
  },
  "aware_on_md_rows": {
   "coverage": 0.9138,
   "mean_width": 1.03748,
   "n_evals": 116
  },
  "ratio_anchor_vs_aware_same_rows": 0.9372,
  "ratio_aware8_vs_aware_same_rows": 0.9582,
  "ratio_anchor_md_vs_aware_md_rows": 1.2777,
  "n_sources_with_md_rows": 6
 }
}
