  fold 0: q_n 0.3201 q_a 1.089 q_x 0.7815 q_aware8 1.085 q_md 0.8311 (n_md_cal_scores 27532) 16s
  fold 1: q_n 0.3102 q_a 0.9072 q_x 0.7499 q_aware8 0.9033 q_md 0.7722 (n_md_cal_scores 39837) 36s
  fold 2: q_n 0.2753 q_a 0.8876 q_x 0.7021 q_aware8 0.8835 q_md 0.7386 (n_md_cal_scores 39888) 55s
  fold 3: q_n 0.3065 q_a 0.9222 q_x 0.7463 q_aware8 0.9115 q_md 0.7912 (n_md_cal_scores 40010) 75s
  fold 4: q_n 0.3009 q_a 0.8794 q_x 0.682 q_aware8 0.8645 q_md 0.7042 (n_md_cal_scores 40069) 94s
  fold 5: q_n 0.3118 q_a 0.8515 q_x 0.7016 q_aware8 0.8441 q_md 0.7357 (n_md_cal_scores 39071) 113s
  fold 6: q_n 0.2937 q_a 0.8582 q_x 0.8144 q_aware8 0.8563 q_md 0.8611 (n_md_cal_scores 39993) 132s
  fold 7: q_n 0.2956 q_a 0.9349 q_x 0.7783 q_aware8 0.9344 q_md 0.8112 (n_md_cal_scores 40378) 152s
  fold 8: q_n 0.3115 q_a 0.8601 q_x 0.7029 q_aware8 0.8539 q_md 0.7199 (n_md_cal_scores 40718) 171s
  fold 9: q_n 0.2803 q_a 0.7479 q_x 0.608 q_aware8 0.7444 q_md 0.6366 (n_md_cal_scores 40251) 190s
{
 "DES_ETA": {
  "seed": 0,
  "naive": {
   "coverage": 0.6212,
   "mean_width": 0.60781,
   "n_evals": 5789
  },
  "aware": {
   "coverage": 0.8995,
   "mean_width": 1.85353,
   "n_evals": 5789
  },
  "anchor": {
   "coverage": 0.896,
   "mean_width": 1.47375,
   "n_evals": 54570
  },
  "aware_on_anchor_rows": {
   "coverage": 0.9019,
   "mean_width": 1.86011,
   "n_evals": 54570
  },
  "aware8_on_anchor_rows": {
   "coverage": 0.8999,
   "mean_width": 1.84954,
   "n_evals": 54570
  },
  "anchor_md": {
   "coverage": 0.8984,
   "mean_width": 1.55906,
   "n_evals": 43456
  },
  "aware_on_md_rows": {
   "coverage": 0.9051,
   "mean_width": 1.88819,
   "n_evals": 43456
  },
  "ratio_anchor_vs_aware_same_rows": 0.7923,
  "ratio_aware8_vs_aware_same_rows": 0.9943,
  "ratio_anchor_md_vs_aware_md_rows": 0.8257,
  "n_sources_with_md_rows": 77
 }
}
